2026-07-29 10:01:14,020 INFO contingency_solver.gui.main_window: Application started in mock mode.
2026-07-29 10:01:14,021 INFO contingency_solver.gui.main_window: Generated 7 mock candidates.
2026-07-29 10:01:14,068 INFO contingency_solver.gui.main_window: Mock screening completed with 7 results.
2026-07-29 10:10:02,486 INFO contingency_solver.gui.main_window: Application started with mock data available.
2026-07-29 10:10:02,487 INFO contingency_solver.gui.main_window: Generated 7 candidates from mock data.
2026-07-29 10:10:02,508 INFO contingency_solver.gui.main_window: Mock screening completed with 7 results.
2026-07-29 10:11:22,554 INFO contingency_solver.gui.main_window: Application started with mock data available.
2026-07-29 10:11:22,556 INFO contingency_solver.gui.main_window: Generated 7 candidates from mock data.
2026-07-29 10:11:22,579 INFO contingency_solver.gui.main_window: Mock screening completed with 7 results.
2026-07-29 10:45:25,141 INFO contingency_solver.gui.main_window: Application started with mock data available.
2026-07-29 10:45:25,296 INFO contingency_solver.app: Qt event loop starting.
2026-07-29 10:45:43,531 ERROR contingency_solver.powerworld.simauto_client: PowerWorld SimAuto COM dispatch failed.
Traceback (most recent call last):
  File "C:\Users\isfle\AppData\Local\Programs\Python\Python313\Lib\site-packages\win32com\client\dynamic.py", line 81, in _GetGoodDispatch
    IDispatch = pythoncom.connect(IDispatch)
pywintypes.com_error: (-2147221005, 'Invalid class string', None, None)

During handling of the above exception, another exception occurred:

Traceback (most recent call last):
  File "C:\Users\isfle\source\repos\ContingencySolver\ContingencySolver\src\contingency_solver\powerworld\simauto_client.py", line 58, in connect
    self._simauto = win32com.client.Dispatch("pwrworld.SimulatorAuto")
                    ~~~~~~~~~~~~~~~~~~~~~~~~^^^^^^^^^^^^^^^^^^^^^^^^^^
  File "C:\Users\isfle\AppData\Local\Programs\Python\Python313\Lib\site-packages\win32com\client\__init__.py", line 116, in Dispatch
    dispatch, userName = dynamic._GetGoodDispatchAndUserName(dispatch, userName, clsctx)
                         ~~~~~~~~~~~~~~~~~~~~~~~~~~~~~~~~~~~^^^^^^^^^^^^^^^^^^^^^^^^^^^^
  File "C:\Users\isfle\AppData\Local\Programs\Python\Python313\Lib\site-packages\win32com\client\dynamic.py", line 101, in _GetGoodDispatchAndUserName
    return (_GetGoodDispatch(IDispatch, clsctx), userName)
            ~~~~~~~~~~~~~~~~^^^^^^^^^^^^^^^^^^^
  File "C:\Users\isfle\AppData\Local\Programs\Python\Python313\Lib\site-packages\win32com\client\dynamic.py", line 83, in _GetGoodDispatch
    IDispatch = pythoncom.CoCreateInstance(
        IDispatch, None, clsctx, pythoncom.IID_IDispatch
    )
pywintypes.com_error: (-2147221005, 'Invalid class string', None, None)
2026-07-29 10:45:43,543 ERROR contingency_solver.gui.main_window: SimAuto connection test failed.
Traceback (most recent call last):
  File "C:\Users\isfle\AppData\Local\Programs\Python\Python313\Lib\site-packages\win32com\client\dynamic.py", line 81, in _GetGoodDispatch
    IDispatch = pythoncom.connect(IDispatch)
pywintypes.com_error: (-2147221005, 'Invalid class string', None, None)

During handling of the above exception, another exception occurred:

Traceback (most recent call last):
  File "C:\Users\isfle\source\repos\ContingencySolver\ContingencySolver\src\contingency_solver\powerworld\simauto_client.py", line 58, in connect
    self._simauto = win32com.client.Dispatch("pwrworld.SimulatorAuto")
                    ~~~~~~~~~~~~~~~~~~~~~~~~^^^^^^^^^^^^^^^^^^^^^^^^^^
  File "C:\Users\isfle\AppData\Local\Programs\Python\Python313\Lib\site-packages\win32com\client\__init__.py", line 116, in Dispatch
    dispatch, userName = dynamic._GetGoodDispatchAndUserName(dispatch, userName, clsctx)
                         ~~~~~~~~~~~~~~~~~~~~~~~~~~~~~~~~~~~^^^^^^^^^^^^^^^^^^^^^^^^^^^^
  File "C:\Users\isfle\AppData\Local\Programs\Python\Python313\Lib\site-packages\win32com\client\dynamic.py", line 101, in _GetGoodDispatchAndUserName
    return (_GetGoodDispatch(IDispatch, clsctx), userName)
            ~~~~~~~~~~~~~~~~^^^^^^^^^^^^^^^^^^^
  File "C:\Users\isfle\AppData\Local\Programs\Python\Python313\Lib\site-packages\win32com\client\dynamic.py", line 83, in _GetGoodDispatch
    IDispatch = pythoncom.CoCreateInstance(
        IDispatch, None, clsctx, pythoncom.IID_IDispatch
    )
pywintypes.com_error: (-2147221005, 'Invalid class string', None, None)

The above exception was the direct cause of the following exception:

Traceback (most recent call last):
  File "C:\Users\isfle\source\repos\ContingencySolver\ContingencySolver\src\contingency_solver\gui\main_window.py", line 520, in test_simauto_connection
    self.simauto_client.connect()
    ~~~~~~~~~~~~~~~~~~~~~~~~~~~^^
  File "C:\Users\isfle\source\repos\ContingencySolver\ContingencySolver\src\contingency_solver\powerworld\simauto_client.py", line 61, in connect
    raise SimAutoUnavailableError(
        "Could not create PowerWorld SimAuto COM object. Confirm PowerWorld Simulator and SimAuto are installed/licensed."
    ) from exc
contingency_solver.powerworld.simauto_client.SimAutoUnavailableError: Could not create PowerWorld SimAuto COM object. Confirm PowerWorld Simulator and SimAuto are installed/licensed.
